17:01:31 **** Incremental Build of configuration Debug for project stm32f0 ****
make -j12 all 
arm-none-eabi-gcc "../Src/drivers/peripherals/uart/uart.c" -mcpu=cortex-m0 -std=gnu11 -g3 -DDEBUG -DSTM32 -DSTM32F0 -DSTM32F030F4Px -DSTM32F030x6 -c -I../Inc -I/home/elias/STM32CubeIDE/Pulse_Counter/CMSIS/Include -I/home/elias/STM32CubeIDE/Pulse_Counter/CMSIS/Device/ST/STM32F0xx/Include -O0 -ffunction-sections -fdata-sections -Wall -fstack-usage -fcyclomatic-complexity -MMD -MP -MF"Src/drivers/peripherals/uart/uart.d" -MT"Src/drivers/peripherals/uart/uart.o" --specs=nano.specs -mfloat-abi=soft -mthumb -o "Src/drivers/peripherals/uart/uart.o"
../Src/drivers/peripherals/uart/uart.c: In function 'usart_send_buffer':
../Src/drivers/peripherals/uart/uart.c:158:17: warning: implicit declaration of function 'uart_send_byte'; did you mean 'usart_send_byte'? [-Wimplicit-function-declaration]
  158 |                 uart_send_byte(data[i]);
      |                 ^~~~~~~~~~~~~~
      |                 usart_send_byte
../Src/drivers/peripherals/uart/uart.c: At top level:
../Src/drivers/peripherals/uart/uart.c:61:13: warning: 'usart_enable_interrupt' defined but not used [-Wunused-function]
   61 | static void usart_enable_interrupt(usart_irq_en_t irq_en){
      |             ^~~~~~~~~~~~~~~~~~~~~~
arm-none-eabi-gcc -o "stm32f0.elf" @"objects.list"   -mcpu=cortex-m0 -T"/home/elias/STM32CubeIDE/Pulse_Counter/stm32f0/STM32F030F4PX_FLASH.ld" --specs=nosys.specs -Wl,-Map="stm32f0.map" -Wl,--gc-sections -static --specs=nano.specs -mfloat-abi=soft -mthumb -Wl,--start-group -lc -lm -Wl,--end-group
Finished building target: stm32f0.elf
 
arm-none-eabi-size  stm32f0.elf 
arm-none-eabi-objdump -h -S stm32f0.elf  > "stm32f0.list"
   text	   data	    bss	    dec	    hex	filename
   2732	      0	   1576	   4308	   10d4	stm32f0.elf
Finished building: default.size.stdout
 
Finished building: stm32f0.list
 

17:01:32 Build Finished. 0 errors, 2 warnings. (took 269ms)

